<html>
<body>
<pre>
<h1>µVision Build Log</h1>
<h2>Tool Versions:</h2>
IDE-Version: ¦ÌVision V5.21.1.0
Copyright (C) 2016 ARM Ltd and ARM Germany GmbH. All rights reserved.
License Information: a noob, a, LIC=NQQMA-1MBD5-RA6DM-X6CW6-3PT1M-6BZ9P
 
Tool Versions:
Toolchain:       MDK-ARM Plus  Version: 5.21a
Toolchain Path:  D:\Keil_v5\ARM\ARMCC\Bin
C Compiler:      Armcc.exe V5.06 update 3 (build 300)
Assembler:       Armasm.exe V5.06 update 3 (build 300)
Linker/Locator:  ArmLink.exe V5.06 update 3 (build 300)
Library Manager: ArmAr.exe V5.06 update 3 (build 300)
Hex Converter:   FromElf.exe V5.06 update 3 (build 300)
CPU DLL:         SARMCM3.DLL V5.21a
Dialog DLL:      DCM.DLL V1.13.8.0
Target DLL:      STLink\ST-LINKIII-KEIL_SWO.dll V2.0.18.0
Dialog DLL:      TCM.DLL V1.14.14.0
 
<h2>Project:</h2>
E:\Learning\MCU\MCU_Template\STM32\STM32F103ZET6\MDK-ARM\STM32F103ZET6.uvprojx
Project File Date:  04/28/2024

<h2>Output:</h2>
*** Using Compiler 'V5.06 update 3 (build 300)', folder: 'D:\Keil_v5\ARM\ARMCC\Bin'
Rebuild target 'STM32F103ZET6'
assembling startup_stm32f103xe.s...
compiling stm32f1xx_hal_msp.c...
compiling gpio.c...
compiling stm32f1xx_hal_gpio.c...
compiling stm32f1xx_hal.c...
compiling stm32f1xx_hal_tim.c...
compiling stm32f1xx_hal_tim_ex.c...
compiling stm32f1xx_hal_gpio_ex.c...
compiling main.c...
compiling stm32f1xx_it.c...
compiling stm32f1xx_hal_rcc.c...
compiling stm32f1xx_hal_rcc_ex.c...
compiling stm32f1xx_hal_cortex.c...
compiling stm32f1xx_hal_pwr.c...
compiling stm32f1xx_hal_flash.c...
compiling system_stm32f1xx.c...
compiling stm32f1xx_hal_dma.c...
compiling stm32f1xx_hal_flash_ex.c...
compiling stm32f1xx_hal_exti.c...
linking...
Program Size: Code=2116 RO-data=372 RW-data=16 ZI-data=1632  
FromELF: creating hex file...
"STM32F103ZET6\STM32F103ZET6.axf" - 0 Error(s), 0 Warning(s).

<h2>Software Packages used:</h2>

Package Vendor: ARM
                http://www.keil.com/pack/ARM.CMSIS.4.5.0.pack
                ARM::CMSIS:CORE:4.3.0
                CMSIS (Cortex Microcontroller Software Interface Standard)
   * Component: CORE Version: 4.3.0

<h2>Collection of Component include folders:</h2>
  E:\Learning\MCU\MCU_Template\STM32\STM32F103ZET6\MDK-ARM\RTE
  D:\Keil_v5\ARM\PACK\ARM\CMSIS\4.5.0\CMSIS\Include
  D:\Keil_v5\ARM\PACK\Keil\STM32F1xx_DFP\2.2.0\Device\Include

<h2>Collection of Component Files used:</h2>

   * Component: ARM::CMSIS:CORE:4.3.0
Build Time Elapsed:  00:00:04
</pre>
</body>
</html>
